45
46
30
10
200
2
false
true
20
40
40
50
40
10
40
60
50
