1
2
3
10
20
30
100
200
300
9
99
999
10
20
30
1
2
3
