2
1
3
3
4
6
5
10
6
15
7
21
8
28
9
36
10
45
11
55
11
55
